#2026 06 14 18:49:02.115#Z#DEBUG#87cc2b18-6821-11f1-aca3-eeee0a82a9ce.employee-app-srv#flowable-async-job-executor-thread-1285#
[PollStageAppStatusExecution] d82c773d-11e1-4a8b-885d-ff9df84e4d28 [2026-06-14T18:48:42.146811] Uploading app package for app with guid d82c773d-11e1-4a8b-885d-ff9df84e4d28 (STDOUT, API)#
#2026 06 14 18:49:02.115#Z#DEBUG#87cc2b18-6821-11f1-aca3-eeee0a82a9ce.employee-app-srv#flowable-async-job-executor-thread-1285#
[PollStageAppStatusExecution] d82c773d-11e1-4a8b-885d-ff9df84e4d28 [2026-06-14T18:48:42.361492] Updated app with guid d82c773d-11e1-4a8b-885d-ff9df84e4d28 ({"environment_variables"=>"[PRIVATE DATA HIDDEN]"}) (STDOUT, API)#
#2026 06 14 18:49:02.115#Z#DEBUG#87cc2b18-6821-11f1-aca3-eeee0a82a9ce.employee-app-srv#flowable-async-job-executor-thread-1285#
[PollStageAppStatusExecution] d82c773d-11e1-4a8b-885d-ff9df84e4d28 [2026-06-14T18:48:52.683785] Stopping app with guid d82c773d-11e1-4a8b-885d-ff9df84e4d28 (STDOUT, API)#
#2026 06 14 18:49:02.115#Z#DEBUG#87cc2b18-6821-11f1-aca3-eeee0a82a9ce.employee-app-srv#flowable-async-job-executor-thread-1285#
[PollStageAppStatusExecution] d82c773d-11e1-4a8b-885d-ff9df84e4d28 [2026-06-14T18:48:52.739242] Cell d1cc041a-d5a1-41d6-b9f6-6cda736ce3f0 stopping instance bf0e5d67-3f38-43d3-5576-401c (STDOUT, CELL)#
#2026 06 14 18:49:02.115#Z#DEBUG#87cc2b18-6821-11f1-aca3-eeee0a82a9ce.employee-app-srv#flowable-async-job-executor-thread-1285#
[PollStageAppStatusExecution] d82c773d-11e1-4a8b-885d-ff9df84e4d28 [2026-06-14T18:48:52.985349] Creating build for app with guid d82c773d-11e1-4a8b-885d-ff9df84e4d28 (STDOUT, API)#
#2026 06 14 18:49:02.115#Z#DEBUG#87cc2b18-6821-11f1-aca3-eeee0a82a9ce.employee-app-srv#flowable-async-job-executor-thread-1285#
[PollStageAppStatusExecution] d82c773d-11e1-4a8b-885d-ff9df84e4d28 [2026-06-14T18:48:53.476397] Downloading nodejs_buildpack... (STDOUT, STG)#
#2026 06 14 18:49:02.115#Z#DEBUG#87cc2b18-6821-11f1-aca3-eeee0a82a9ce.employee-app-srv#flowable-async-job-executor-thread-1285#
[PollStageAppStatusExecution] d82c773d-11e1-4a8b-885d-ff9df84e4d28 [2026-06-14T18:48:53.534135] Downloaded nodejs_buildpack (STDOUT, STG)#
#2026 06 14 18:49:02.115#Z#DEBUG#87cc2b18-6821-11f1-aca3-eeee0a82a9ce.employee-app-srv#flowable-async-job-executor-thread-1285#
[PollStageAppStatusExecution] d82c773d-11e1-4a8b-885d-ff9df84e4d28 [2026-06-14T18:48:53.534214] Cell 684caff8-89cd-492b-be01-b3d0835f1763 creating container for instance 93557619-a5bd-4da0-9a7a-9031ee3bb960 (STDOUT, STG)#
#2026 06 14 18:49:02.115#Z#DEBUG#87cc2b18-6821-11f1-aca3-eeee0a82a9ce.employee-app-srv#flowable-async-job-executor-thread-1285#
[PollStageAppStatusExecution] d82c773d-11e1-4a8b-885d-ff9df84e4d28 [2026-06-14T18:48:54.458435] Security group rules were updated (STDOUT, STG)#
#2026 06 14 18:49:02.115#Z#DEBUG#87cc2b18-6821-11f1-aca3-eeee0a82a9ce.employee-app-srv#flowable-async-job-executor-thread-1285#
[PollStageAppStatusExecution] d82c773d-11e1-4a8b-885d-ff9df84e4d28 [2026-06-14T18:48:54.548151] Cell 684caff8-89cd-492b-be01-b3d0835f1763 successfully created container for instance 93557619-a5bd-4da0-9a7a-9031ee3bb960 (STDOUT, STG)#
#2026 06 14 18:49:02.115#Z#DEBUG#87cc2b18-6821-11f1-aca3-eeee0a82a9ce.employee-app-srv#flowable-async-job-executor-thread-1285#
[PollStageAppStatusExecution] d82c773d-11e1-4a8b-885d-ff9df84e4d28 [2026-06-14T18:48:55.374025] Downloading app package... (STDOUT, STG)#
#2026 06 14 18:49:02.115#Z#DEBUG#87cc2b18-6821-11f1-aca3-eeee0a82a9ce.employee-app-srv#flowable-async-job-executor-thread-1285#
[PollStageAppStatusExecution] d82c773d-11e1-4a8b-885d-ff9df84e4d28 [2026-06-14T18:48:55.374066] Downloading build artifacts cache... (STDOUT, STG)#
#2026 06 14 18:49:02.115#Z#DEBUG#87cc2b18-6821-11f1-aca3-eeee0a82a9ce.employee-app-srv#flowable-async-job-executor-thread-1285#
[PollStageAppStatusExecution] d82c773d-11e1-4a8b-885d-ff9df84e4d28 [2026-06-14T18:48:55.453734] Downloaded build artifacts cache (224B) (STDOUT, STG)#
#2026 06 14 18:49:02.115#Z#DEBUG#87cc2b18-6821-11f1-aca3-eeee0a82a9ce.employee-app-srv#flowable-async-job-executor-thread-1285#
[PollStageAppStatusExecution] d82c773d-11e1-4a8b-885d-ff9df84e4d28 [2026-06-14T18:48:56.490908] Downloaded app package (8.6M) (STDOUT, STG)#
#2026 06 14 18:49:02.115#Z#DEBUG#87cc2b18-6821-11f1-aca3-eeee0a82a9ce.employee-app-srv#flowable-async-job-executor-thread-1285#
[PollStageAppStatusExecution] d82c773d-11e1-4a8b-885d-ff9df84e4d28 [2026-06-14T18:48:56.602650] -----> Nodejs Buildpack version 1.9.1 (STDOUT, STG)#
#2026 06 14 18:49:02.115#Z#DEBUG#87cc2b18-6821-11f1-aca3-eeee0a82a9ce.employee-app-srv#flowable-async-job-executor-thread-1285#
[PollStageAppStatusExecution] d82c773d-11e1-4a8b-885d-ff9df84e4d28 [2026-06-14T18:48:56.906478] -----> Bootstrapping python (STDOUT, STG)#
#2026 06 14 18:49:02.115#Z#DEBUG#87cc2b18-6821-11f1-aca3-eeee0a82a9ce.employee-app-srv#flowable-async-job-executor-thread-1285#
[PollStageAppStatusExecution] d82c773d-11e1-4a8b-885d-ff9df84e4d28 [2026-06-14T18:48:56.906508] -----> Installing python 3.13.13 (STDOUT, STG)#
#2026 06 14 18:49:02.115#Z#DEBUG#87cc2b18-6821-11f1-aca3-eeee0a82a9ce.employee-app-srv#flowable-async-job-executor-thread-1285#
[PollStageAppStatusExecution] d82c773d-11e1-4a8b-885d-ff9df84e4d28 [2026-06-14T18:48:56.906523] Copy [/tmp/buildpacks/ac648aa71a7866ca/dependencies/268a5e3743d51a14b86ea9da64439307/python_3.13.13_linux_x64_cflinuxfs4_8311abbf.tgz] (STDOUT, STG)#
#2026 06 14 18:49:02.115#Z#DEBUG#87cc2b18-6821-11f1-aca3-eeee0a82a9ce.employee-app-srv#flowable-async-job-executor-thread-1285#
[PollStageAppStatusExecution] d82c773d-11e1-4a8b-885d-ff9df84e4d28 [2026-06-14T18:49:01.270198] -----> Installing binaries (STDOUT, STG)#
#2026 06 14 18:49:02.115#Z#DEBUG#87cc2b18-6821-11f1-aca3-eeee0a82a9ce.employee-app-srv#flowable-async-job-executor-thread-1285#
[PollStageAppStatusExecution] d82c773d-11e1-4a8b-885d-ff9df84e4d28 [2026-06-14T18:49:01.270827] engines.node (package.json): >=20 (STDOUT, STG)#
#2026 06 14 18:49:02.115#Z#DEBUG#87cc2b18-6821-11f1-aca3-eeee0a82a9ce.employee-app-srv#flowable-async-job-executor-thread-1285#
[PollStageAppStatusExecution] d82c773d-11e1-4a8b-885d-ff9df84e4d28 [2026-06-14T18:49:01.270948] engines.npm (package.json): unspecified (use default) (STDOUT, STG)#
#2026 06 14 18:49:02.115#Z#DEBUG#87cc2b18-6821-11f1-aca3-eeee0a82a9ce.employee-app-srv#flowable-async-job-executor-thread-1285#
[PollStageAppStatusExecution] d82c773d-11e1-4a8b-885d-ff9df84e4d28 [2026-06-14T18:49:01.271010] [31;1m**WARNING**[0m Dangerous semver range (>) in engines.node. See: http://docs.cloudfoundry.org/buildpacks/node/node-tips.html (STDOUT, STG)#
#2026 06 14 18:49:02.115#Z#DEBUG#87cc2b18-6821-11f1-aca3-eeee0a82a9ce.employee-app-srv#flowable-async-job-executor-thread-1285#
[PollStageAppStatusExecution] d82c773d-11e1-4a8b-885d-ff9df84e4d28 [2026-06-14T18:49:01.271120] -----> Installing node 24.15.0 (STDOUT, STG)#
#2026 06 14 18:49:02.115#Z#DEBUG#87cc2b18-6821-11f1-aca3-eeee0a82a9ce.employee-app-srv#flowable-async-job-executor-thread-1285#
[PollStageAppStatusExecution] d82c773d-11e1-4a8b-885d-ff9df84e4d28 [2026-06-14T18:49:01.271392] Copy [/tmp/buildpacks/ac648aa71a7866ca/dependencies/6441e97e6386f47ec4c16cfdf8db0a17/node_24.15.0_linux_x64_cflinuxfs4_1a62d98b.tgz] (STDOUT, STG)#
#2026 06 14 18:49:12.164#Z#DEBUG#87cc2b18-6821-11f1-aca3-eeee0a82a9ce.employee-app-srv#flowable-async-job-executor-thread-3550#
[PollStageAppStatusExecution] d82c773d-11e1-4a8b-885d-ff9df84e4d28 [2026-06-14T18:49:03.858144] Using default npm version: 11.12.1 (STDOUT, STG)#
#2026 06 14 18:49:12.164#Z#DEBUG#87cc2b18-6821-11f1-aca3-eeee0a82a9ce.employee-app-srv#flowable-async-job-executor-thread-3550#
[PollStageAppStatusExecution] d82c773d-11e1-4a8b-885d-ff9df84e4d28 [2026-06-14T18:49:03.858177] -----> Installing yarn 1.22.22 (STDOUT, STG)#
#2026 06 14 18:49:12.164#Z#DEBUG#87cc2b18-6821-11f1-aca3-eeee0a82a9ce.employee-app-srv#flowable-async-job-executor-thread-3550#
[PollStageAppStatusExecution] d82c773d-11e1-4a8b-885d-ff9df84e4d28 [2026-06-14T18:49:03.858976] Copy [/tmp/buildpacks/ac648aa71a7866ca/dependencies/e4fe26756e9984a665478d350474fa2e/yarn_1.22.22_linux_noarch_any-stack_b6132b86.tgz] (STDOUT, STG)#
#2026 06 14 18:49:12.164#Z#DEBUG#87cc2b18-6821-11f1-aca3-eeee0a82a9ce.employee-app-srv#flowable-async-job-executor-thread-3550#
[PollStageAppStatusExecution] d82c773d-11e1-4a8b-885d-ff9df84e4d28 [2026-06-14T18:49:04.229170] Installed yarn 1.22.22 (STDOUT, STG)#
#2026 06 14 18:49:12.164#Z#DEBUG#87cc2b18-6821-11f1-aca3-eeee0a82a9ce.employee-app-srv#flowable-async-job-executor-thread-3550#
[PollStageAppStatusExecution] d82c773d-11e1-4a8b-885d-ff9df84e4d28 [2026-06-14T18:49:04.229216] -----> Creating runtime environment (STDOUT, STG)#
#2026 06 14 18:49:12.164#Z#DEBUG#87cc2b18-6821-11f1-aca3-eeee0a82a9ce.employee-app-srv#flowable-async-job-executor-thread-3550#
[PollStageAppStatusExecution] d82c773d-11e1-4a8b-885d-ff9df84e4d28 [2026-06-14T18:49:04.231160] NODE_ENV=production (STDOUT, STG)#
#2026 06 14 18:49:12.164#Z#DEBUG#87cc2b18-6821-11f1-aca3-eeee0a82a9ce.employee-app-srv#flowable-async-job-executor-thread-3550#
[PollStageAppStatusExecution] d82c773d-11e1-4a8b-885d-ff9df84e4d28 [2026-06-14T18:49:04.231245] NODE_HOME=/tmp/contents890469339/deps/0/node (STDOUT, STG)#
#2026 06 14 18:49:12.164#Z#DEBUG#87cc2b18-6821-11f1-aca3-eeee0a82a9ce.employee-app-srv#flowable-async-job-executor-thread-3550#
[PollStageAppStatusExecution] d82c773d-11e1-4a8b-885d-ff9df84e4d28 [2026-06-14T18:49:04.231258] NODE_MODULES_CACHE=true (STDOUT, STG)#
#2026 06 14 18:49:12.164#Z#DEBUG#87cc2b18-6821-11f1-aca3-eeee0a82a9ce.employee-app-srv#flowable-async-job-executor-thread-3550#
[PollStageAppStatusExecution] d82c773d-11e1-4a8b-885d-ff9df84e4d28 [2026-06-14T18:49:04.231261] NODE_VERBOSE=false (STDOUT, STG)#
#2026 06 14 18:49:12.164#Z#DEBUG#87cc2b18-6821-11f1-aca3-eeee0a82a9ce.employee-app-srv#flowable-async-job-executor-thread-3550#
[PollStageAppStatusExecution] d82c773d-11e1-4a8b-885d-ff9df84e4d28 [2026-06-14T18:49:04.231312] NPM_CONFIG_LOGLEVEL=error (STDOUT, STG)#
#2026 06 14 18:49:12.164#Z#DEBUG#87cc2b18-6821-11f1-aca3-eeee0a82a9ce.employee-app-srv#flowable-async-job-executor-thread-3550#
[PollStageAppStatusExecution] d82c773d-11e1-4a8b-885d-ff9df84e4d28 [2026-06-14T18:49:04.231325] NPM_CONFIG_PRODUCTION=true (STDOUT, STG)#
#2026 06 14 18:49:12.164#Z#DEBUG#87cc2b18-6821-11f1-aca3-eeee0a82a9ce.employee-app-srv#flowable-async-job-executor-thread-3550#
[PollStageAppStatusExecution] d82c773d-11e1-4a8b-885d-ff9df84e4d28 [2026-06-14T18:49:04.231473] -----> Building dependencies (STDOUT, STG)#
#2026 06 14 18:49:12.164#Z#DEBUG#87cc2b18-6821-11f1-aca3-eeee0a82a9ce.employee-app-srv#flowable-async-job-executor-thread-3550#
[PollStageAppStatusExecution] d82c773d-11e1-4a8b-885d-ff9df84e4d28 [2026-06-14T18:49:04.231484] Prebuild detected (node_modules already exists) (STDOUT, STG)#
#2026 06 14 18:49:12.164#Z#DEBUG#87cc2b18-6821-11f1-aca3-eeee0a82a9ce.employee-app-srv#flowable-async-job-executor-thread-3550#
[PollStageAppStatusExecution] d82c773d-11e1-4a8b-885d-ff9df84e4d28 [2026-06-14T18:49:04.231498] Rebuilding any native modules (STDOUT, STG)#
#2026 06 14 18:49:12.164#Z#DEBUG#87cc2b18-6821-11f1-aca3-eeee0a82a9ce.employee-app-srv#flowable-async-job-executor-thread-3550#
[PollStageAppStatusExecution] d82c773d-11e1-4a8b-885d-ff9df84e4d28 [2026-06-14T18:49:05.434272] rebuilt dependencies successfully (STDOUT, STG)#
#2026 06 14 18:49:12.164#Z#DEBUG#87cc2b18-6821-11f1-aca3-eeee0a82a9ce.employee-app-srv#flowable-async-job-executor-thread-3550#
[PollStageAppStatusExecution] d82c773d-11e1-4a8b-885d-ff9df84e4d28 [2026-06-14T18:49:05.436545] npm notice (STDOUT, STG)#
#2026 06 14 18:49:12.164#Z#DEBUG#87cc2b18-6821-11f1-aca3-eeee0a82a9ce.employee-app-srv#flowable-async-job-executor-thread-3550#
[PollStageAppStatusExecution] d82c773d-11e1-4a8b-885d-ff9df84e4d28 [2026-06-14T18:49:05.436561] npm notice New minor version of npm available! 11.12.1 -> 11.17.0 (STDOUT, STG)#
#2026 06 14 18:49:12.164#Z#DEBUG#87cc2b18-6821-11f1-aca3-eeee0a82a9ce.employee-app-srv#flowable-async-job-executor-thread-3550#
[PollStageAppStatusExecution] d82c773d-11e1-4a8b-885d-ff9df84e4d28 [2026-06-14T18:49:05.436565] npm notice Changelog: https://github.com/npm/cli/releases/tag/v11.17.0 (STDOUT, STG)#
#2026 06 14 18:49:12.164#Z#DEBUG#87cc2b18-6821-11f1-aca3-eeee0a82a9ce.employee-app-srv#flowable-async-job-executor-thread-3550#
[PollStageAppStatusExecution] d82c773d-11e1-4a8b-885d-ff9df84e4d28 [2026-06-14T18:49:05.436570] npm notice To update run: npm install -g npm@11.17.0 (STDOUT, STG)#
#2026 06 14 18:49:12.164#Z#DEBUG#87cc2b18-6821-11f1-aca3-eeee0a82a9ce.employee-app-srv#flowable-async-job-executor-thread-3550#
[PollStageAppStatusExecution] d82c773d-11e1-4a8b-885d-ff9df84e4d28 [2026-06-14T18:49:05.436572] npm notice (STDOUT, STG)#
#2026 06 14 18:49:12.164#Z#DEBUG#87cc2b18-6821-11f1-aca3-eeee0a82a9ce.employee-app-srv#flowable-async-job-executor-thread-3550#
[PollStageAppStatusExecution] d82c773d-11e1-4a8b-885d-ff9df84e4d28 [2026-06-14T18:49:05.503864] Installing any new modules (package.json + package-lock.json) (STDOUT, STG)#
#2026 06 14 18:49:12.164#Z#DEBUG#87cc2b18-6821-11f1-aca3-eeee0a82a9ce.employee-app-srv#flowable-async-job-executor-thread-3550#
[PollStageAppStatusExecution] d82c773d-11e1-4a8b-885d-ff9df84e4d28 [2026-06-14T18:49:06.397004] removed 6 packages in 805ms (STDOUT, STG)#
#2026 06 14 18:49:12.164#Z#DEBUG#87cc2b18-6821-11f1-aca3-eeee0a82a9ce.employee-app-srv#flowable-async-job-executor-thread-3550#
[PollStageAppStatusExecution] d82c773d-11e1-4a8b-885d-ff9df84e4d28 [2026-06-14T18:49:06.397506] 26 packages are looking for funding (STDOUT, STG)#
#2026 06 14 18:49:12.164#Z#DEBUG#87cc2b18-6821-11f1-aca3-eeee0a82a9ce.employee-app-srv#flowable-async-job-executor-thread-3550#
[PollStageAppStatusExecution] d82c773d-11e1-4a8b-885d-ff9df84e4d28 [2026-06-14T18:49:06.397641] run `npm fund` for details (STDOUT, STG)#
#2026 06 14 18:49:12.164#Z#DEBUG#87cc2b18-6821-11f1-aca3-eeee0a82a9ce.employee-app-srv#flowable-async-job-executor-thread-3550#
[PollStageAppStatusExecution] d82c773d-11e1-4a8b-885d-ff9df84e4d28 [2026-06-14T18:49:07.394909] Contrast Security no credentials found. Will not write environment files. (STDOUT, STG)#
#2026 06 14 18:49:22.324#Z#DEBUG#87cc2b18-6821-11f1-aca3-eeee0a82a9ce.employee-app-srv#flowable-async-job-executor-thread-1269#
[PollStageAppStatusExecution] d82c773d-11e1-4a8b-885d-ff9df84e4d28 [2026-06-14T18:49:18.454665] Exit status 0 (STDOUT, STG)#
#2026 06 14 18:49:22.324#Z#DEBUG#87cc2b18-6821-11f1-aca3-eeee0a82a9ce.employee-app-srv#flowable-async-job-executor-thread-1269#
[PollStageAppStatusExecution] d82c773d-11e1-4a8b-885d-ff9df84e4d28 [2026-06-14T18:49:18.454708] Uploading droplet, build artifacts cache... (STDOUT, STG)#
#2026 06 14 18:49:22.324#Z#DEBUG#87cc2b18-6821-11f1-aca3-eeee0a82a9ce.employee-app-srv#flowable-async-job-executor-thread-1269#
[PollStageAppStatusExecution] d82c773d-11e1-4a8b-885d-ff9df84e4d28 [2026-06-14T18:49:18.454748] Uploading droplet... (STDOUT, STG)#
#2026 06 14 18:49:22.324#Z#DEBUG#87cc2b18-6821-11f1-aca3-eeee0a82a9ce.employee-app-srv#flowable-async-job-executor-thread-1269#
[PollStageAppStatusExecution] d82c773d-11e1-4a8b-885d-ff9df84e4d28 [2026-06-14T18:49:18.454896] Uploading build artifacts cache... (STDOUT, STG)#
#2026 06 14 18:49:22.324#Z#DEBUG#87cc2b18-6821-11f1-aca3-eeee0a82a9ce.employee-app-srv#flowable-async-job-executor-thread-1269#
[PollStageAppStatusExecution] d82c773d-11e1-4a8b-885d-ff9df84e4d28 [2026-06-14T18:49:18.496127] Uploaded build artifacts cache (225B) (STDOUT, STG)#
#2026 06 14 18:49:22.324#Z#DEBUG#87cc2b18-6821-11f1-aca3-eeee0a82a9ce.employee-app-srv#flowable-async-job-executor-thread-1269#
[PollStageAppStatusExecution] d82c773d-11e1-4a8b-885d-ff9df84e4d28 [2026-06-14T18:49:19.208974] Creating droplet for app with guid d82c773d-11e1-4a8b-885d-ff9df84e4d28 (STDOUT, API)#
#2026 06 14 18:49:22.324#Z#DEBUG#87cc2b18-6821-11f1-aca3-eeee0a82a9ce.employee-app-srv#flowable-async-job-executor-thread-1269#
[PollStageAppStatusExecution] d82c773d-11e1-4a8b-885d-ff9df84e4d28 [2026-06-14T18:49:21.281452] Uploaded droplet (63.3M) (STDOUT, STG)#
#2026 06 14 18:49:22.324#Z#DEBUG#87cc2b18-6821-11f1-aca3-eeee0a82a9ce.employee-app-srv#flowable-async-job-executor-thread-1269#
[PollStageAppStatusExecution] d82c773d-11e1-4a8b-885d-ff9df84e4d28 [2026-06-14T18:49:21.304267] Uploading complete (STDOUT, STG)#
#2026 06 14 18:49:32.326#Z#DEBUG#87cc2b18-6821-11f1-aca3-eeee0a82a9ce.employee-app-srv#flowable-async-job-executor-thread-1299#
[PollStageAppStatusExecution] d82c773d-11e1-4a8b-885d-ff9df84e4d28 [2026-06-14T18:49:22.205770] Cell 684caff8-89cd-492b-be01-b3d0835f1763 stopping instance 93557619-a5bd-4da0-9a7a-9031ee3bb960 (STDOUT, STG)#
#2026 06 14 18:49:32.326#Z#DEBUG#87cc2b18-6821-11f1-aca3-eeee0a82a9ce.employee-app-srv#flowable-async-job-executor-thread-1299#
[PollStageAppStatusExecution] d82c773d-11e1-4a8b-885d-ff9df84e4d28 [2026-06-14T18:49:22.205801] Cell 684caff8-89cd-492b-be01-b3d0835f1763 destroying container for instance 93557619-a5bd-4da0-9a7a-9031ee3bb960 (STDOUT, STG)#
#2026 06 14 18:49:32.326#Z#DEBUG#87cc2b18-6821-11f1-aca3-eeee0a82a9ce.employee-app-srv#flowable-async-job-executor-thread-1299#
[PollStageAppStatusExecution] d82c773d-11e1-4a8b-885d-ff9df84e4d28 [2026-06-14T18:49:22.260486] Staging complete for build 93557619-a5bd-4da0-9a7a-9031ee3bb960 (STDOUT, API)#
#2026 06 14 18:49:32.326#Z#DEBUG#87cc2b18-6821-11f1-aca3-eeee0a82a9ce.employee-app-srv#flowable-async-job-executor-thread-1299#
[PollStageAppStatusExecution] d82c773d-11e1-4a8b-885d-ff9df84e4d28 [2026-06-14T18:49:24.873237] Cell 684caff8-89cd-492b-be01-b3d0835f1763 successfully destroyed container for instance 93557619-a5bd-4da0-9a7a-9031ee3bb960 (STDOUT, STG)#
#2026 06 14 18:49:42.434#Z#DEBUG#87cc2b18-6821-11f1-aca3-eeee0a82a9ce.employee-app-srv#flowable-async-job-executor-thread-1304#
[PollStartAppStatusExecution] d82c773d-11e1-4a8b-885d-ff9df84e4d28 [2026-06-14T18:49:32.402744] Updated app with guid d82c773d-11e1-4a8b-885d-ff9df84e4d28 ({:droplet_guid=>"6d8c6ee3-09b3-48cc-b72e-317a7d212947"}) (STDOUT, API)#
#2026 06 14 18:49:42.434#Z#DEBUG#87cc2b18-6821-11f1-aca3-eeee0a82a9ce.employee-app-srv#flowable-async-job-executor-thread-1304#
[PollStartAppStatusExecution] d82c773d-11e1-4a8b-885d-ff9df84e4d28 [2026-06-14T18:49:32.659139] Creating revision for app with guid d82c773d-11e1-4a8b-885d-ff9df84e4d28 (STDOUT, API)#
#2026 06 14 18:49:42.434#Z#DEBUG#87cc2b18-6821-11f1-aca3-eeee0a82a9ce.employee-app-srv#flowable-async-job-executor-thread-1304#
[PollStartAppStatusExecution] d82c773d-11e1-4a8b-885d-ff9df84e4d28 [2026-06-14T18:49:32.699454] Starting app with guid d82c773d-11e1-4a8b-885d-ff9df84e4d28 (STDOUT, API)#
#2026 06 14 18:49:42.434#Z#DEBUG#87cc2b18-6821-11f1-aca3-eeee0a82a9ce.employee-app-srv#flowable-async-job-executor-thread-1304#
[PollStartAppStatusExecution] d82c773d-11e1-4a8b-885d-ff9df84e4d28 [2026-06-14T18:49:32.984159] Cell c839c7b1-088e-41af-b9b7-66256aacd457 creating container for instance c753e7ab-b246-4cb7-7f08-7948 (STDOUT, CELL)#
#2026 06 14 18:49:42.434#Z#DEBUG#87cc2b18-6821-11f1-aca3-eeee0a82a9ce.employee-app-srv#flowable-async-job-executor-thread-1304#
[PollStartAppStatusExecution] d82c773d-11e1-4a8b-885d-ff9df84e4d28 [2026-06-14T18:49:33.836662] Security group rules were updated (STDOUT, CELL)#
#2026 06 14 18:49:42.434#Z#DEBUG#87cc2b18-6821-11f1-aca3-eeee0a82a9ce.employee-app-srv#flowable-async-job-executor-thread-1304#
[PollStartAppStatusExecution] d82c773d-11e1-4a8b-885d-ff9df84e4d28 [2026-06-14T18:49:33.935503] Cell c839c7b1-088e-41af-b9b7-66256aacd457 successfully created container for instance c753e7ab-b246-4cb7-7f08-7948 (STDOUT, CELL)#
#2026 06 14 18:49:42.434#Z#DEBUG#87cc2b18-6821-11f1-aca3-eeee0a82a9ce.employee-app-srv#flowable-async-job-executor-thread-1304#
[PollStartAppStatusExecution] d82c773d-11e1-4a8b-885d-ff9df84e4d28 [2026-06-14T18:49:34.633894] Downloading droplet... (STDOUT, CELL)#
#2026 06 14 18:49:42.434#Z#DEBUG#87cc2b18-6821-11f1-aca3-eeee0a82a9ce.employee-app-srv#flowable-async-job-executor-thread-1304#
[PollStartAppStatusExecution] d82c773d-11e1-4a8b-885d-ff9df84e4d28 [2026-06-14T18:49:39.216042] Downloaded droplet (63.3M) (STDOUT, CELL)#
#2026 06 14 18:49:42.434#Z#DEBUG#87cc2b18-6821-11f1-aca3-eeee0a82a9ce.employee-app-srv#flowable-async-job-executor-thread-1304#
[PollStartAppStatusExecution] d82c773d-11e1-4a8b-885d-ff9df84e4d28 [2026-06-14T18:49:39.216174] Starting health monitoring of container (STDOUT, CELL)#
#2026 06 14 18:49:42.434#Z#DEBUG#87cc2b18-6821-11f1-aca3-eeee0a82a9ce.employee-app-srv#flowable-async-job-executor-thread-1304#
[PollStartAppStatusExecution] d82c773d-11e1-4a8b-885d-ff9df84e4d28 [2026-06-14T18:49:39.216192] Starting readiness health monitoring of container (STDOUT, HEALTH)#
#2026 06 14 18:49:42.434#Z#DEBUG#87cc2b18-6821-11f1-aca3-eeee0a82a9ce.employee-app-srv#flowable-async-job-executor-thread-1304#
[PollStartAppStatusExecution] d82c773d-11e1-4a8b-885d-ff9df84e4d28 [2026-06-14T18:49:39.346203] Invoking pre-start scripts. (STDOUT, APP/PROC/WEB)#
#2026 06 14 18:49:42.434#Z#DEBUG#87cc2b18-6821-11f1-aca3-eeee0a82a9ce.employee-app-srv#flowable-async-job-executor-thread-1304#
[PollStartAppStatusExecution] d82c773d-11e1-4a8b-885d-ff9df84e4d28 [2026-06-14T18:49:39.560399] Invoking start command. (STDOUT, APP/PROC/WEB)#
#2026 06 14 18:49:42.434#Z#DEBUG#87cc2b18-6821-11f1-aca3-eeee0a82a9ce.employee-app-srv#flowable-async-job-executor-thread-1304#
[PollStartAppStatusExecution] d82c773d-11e1-4a8b-885d-ff9df84e4d28 [2026-06-14T18:49:40.033235] > employee-app@1.0.0 start (STDOUT, APP/PROC/WEB)#
#2026 06 14 18:49:42.434#Z#DEBUG#87cc2b18-6821-11f1-aca3-eeee0a82a9ce.employee-app-srv#flowable-async-job-executor-thread-1304#
[PollStartAppStatusExecution] d82c773d-11e1-4a8b-885d-ff9df84e4d28 [2026-06-14T18:49:40.033260] > cds-serve (STDOUT, APP/PROC/WEB)#
#2026 06 14 18:49:42.434#Z#DEBUG#87cc2b18-6821-11f1-aca3-eeee0a82a9ce.employee-app-srv#flowable-async-job-executor-thread-1304#
[PollStartAppStatusExecution] d82c773d-11e1-4a8b-885d-ff9df84e4d28 [2026-06-14T18:49:40.421038] {"level":"info","logger":"cds","timestamp":"2026-06-14T18:49:40.419Z","layer":"cds","component_type":"application","container_id":"10.32.2.6","component_id":"d82c773d-11e1-4a8b-885d-ff9df84e4d28","component_name":"employee-app-srv","component_instance":0,"source_instance":0,"organization_name":"9450e8eatrial","organization_id":"0a51c295-f80d-4524-8c95-969ce7fefbe1","space_name":"dev","space_id":"3360c433-a61d-4cc2-a782-28807be3a0d4","msg":"loaded model from 1 file(s):\n ","type":"log"} (STDOUT, APP/PROC/WEB)#
#2026 06 14 18:49:42.434#Z#DEBUG#87cc2b18-6821-11f1-aca3-eeee0a82a9ce.employee-app-srv#flowable-async-job-executor-thread-1304#
[PollStartAppStatusExecution] d82c773d-11e1-4a8b-885d-ff9df84e4d28 [2026-06-14T18:49:40.421593] srv/csn.json (STDOUT, APP/PROC/WEB)#
#2026 06 14 18:49:42.434#Z#DEBUG#87cc2b18-6821-11f1-aca3-eeee0a82a9ce.employee-app-srv#flowable-async-job-executor-thread-1304#
[PollStartAppStatusExecution] d82c773d-11e1-4a8b-885d-ff9df84e4d28 [2026-06-14T18:49:40.736766] {"level":"info","logger":"cds","timestamp":"2026-06-14T18:49:40.735Z","layer":"cds","component_type":"application","container_id":"10.32.2.6","component_id":"d82c773d-11e1-4a8b-885d-ff9df84e4d28","component_name":"employee-app-srv","component_instance":0,"source_instance":0,"organization_name":"9450e8eatrial","organization_id":"0a51c295-f80d-4524-8c95-969ce7fefbe1","space_name":"dev","space_id":"3360c433-a61d-4cc2-a782-28807be3a0d4","msg":"connect to db > hana {\n  database_id: '8b96b98e-e752-43f7-acd1-35799f05fd16',\n  host: '8b96b98e-e752-43f7-acd1-35799f05fd16.hna1.prod-us10.hanacloud.ondemand.com',\n  port: '443',\n  driver: 'com.sap.db.jdbc.Driver',\n  url: 'jdbc:sap://8b96b98e-e752-43f7-acd1-35799f05fd16.hna1.prod-us10.hanacloud.ondemand.com:443?encrypt=true&validateCertificate=true&currentschema=7BC906FAE8834932B977620E1A52C5BB',\n  schema: '7BC906FAE8834932B977620E1A52C5BB',\n  certificate: '...',\n  hdi_user: '7BC906FAE8834932B977620E1A52C5BB_CUIRB1AF5LCD7GI4CPQK6X1CA_DT',\n  hdi_password: '...',\n  user: '7BC906FAE8834932B977620E1A52C5BB_CUIRB1AF5LCD7GI4CPQK6X1CA_RT',\n  password: '...'\n}","type":"log"} (STDOUT, APP/PROC/WEB)#
#2026 06 14 18:49:42.435#Z#DEBUG#87cc2b18-6821-11f1-aca3-eeee0a82a9ce.employee-app-srv#flowable-async-job-executor-thread-1304#
[PollStartAppStatusExecution] d82c773d-11e1-4a8b-885d-ff9df84e4d28 [2026-06-14T18:49:40.766460] {"level":"info","logger":"cds","timestamp":"2026-06-14T18:49:40.765Z","layer":"cds","component_type":"application","container_id":"10.32.2.6","component_id":"d82c773d-11e1-4a8b-885d-ff9df84e4d28","component_name":"employee-app-srv","component_instance":0,"source_instance":0,"organization_name":"9450e8eatrial","organization_id":"0a51c295-f80d-4524-8c95-969ce7fefbe1","space_name":"dev","space_id":"3360c433-a61d-4cc2-a782-28807be3a0d4","msg":"using auth strategy { kind: 'xsuaa' }","type":"log"} (STDOUT, APP/PROC/WEB)#
#2026 06 14 18:49:42.435#Z#DEBUG#87cc2b18-6821-11f1-aca3-eeee0a82a9ce.employee-app-srv#flowable-async-job-executor-thread-1304#
[PollStartAppStatusExecution] d82c773d-11e1-4a8b-885d-ff9df84e4d28 [2026-06-14T18:49:40.816101] {"level":"info","logger":"cds","timestamp":"2026-06-14T18:49:40.815Z","layer":"cds","component_type":"application","container_id":"10.32.2.6","component_id":"d82c773d-11e1-4a8b-885d-ff9df84e4d28","component_name":"employee-app-srv","component_instance":0,"source_instance":0,"organization_name":"9450e8eatrial","organization_id":"0a51c295-f80d-4524-8c95-969ce7fefbe1","space_name":"dev","space_id":"3360c433-a61d-4cc2-a782-28807be3a0d4","msg":"serving EmployeeService {\n  at: [ '/odata/v4/employee' ],\n  decl: 'srv/csn.json:728',\n  impl: 'srv/employee-service.js'\n}","type":"log"} (STDOUT, APP/PROC/WEB)#
#2026 06 14 18:49:42.435#Z#DEBUG#87cc2b18-6821-11f1-aca3-eeee0a82a9ce.employee-app-srv#flowable-async-job-executor-thread-1304#
[PollStartAppStatusExecution] d82c773d-11e1-4a8b-885d-ff9df84e4d28 [2026-06-14T18:49:40.828052] {"level":"info","logger":"cds","timestamp":"2026-06-14T18:49:40.827Z","layer":"cds","component_type":"application","container_id":"10.32.2.6","component_id":"d82c773d-11e1-4a8b-885d-ff9df84e4d28","component_name":"employee-app-srv","component_instance":0,"source_instance":0,"organization_name":"9450e8eatrial","organization_id":"0a51c295-f80d-4524-8c95-969ce7fefbe1","space_name":"dev","space_id":"3360c433-a61d-4cc2-a782-28807be3a0d4","msg":"server listening on { url: 'http://localhost:8080' }","type":"log"} (STDOUT, APP/PROC/WEB)#
#2026 06 14 18:49:42.435#Z#DEBUG#87cc2b18-6821-11f1-aca3-eeee0a82a9ce.employee-app-srv#flowable-async-job-executor-thread-1304#
[PollStartAppStatusExecution] d82c773d-11e1-4a8b-885d-ff9df84e4d28 [2026-06-14T18:49:40.829321] {"level":"info","logger":"cds","timestamp":"2026-06-14T18:49:40.829Z","layer":"cds","component_type":"application","container_id":"10.32.2.6","component_id":"d82c773d-11e1-4a8b-885d-ff9df84e4d28","component_name":"employee-app-srv","component_instance":0,"source_instance":0,"organization_name":"9450e8eatrial","organization_id":"0a51c295-f80d-4524-8c95-969ce7fefbe1","space_name":"dev","space_id":"3360c433-a61d-4cc2-a782-28807be3a0d4","msg":"server v9.9.1 launched in 784 ms","type":"log"} (STDOUT, APP/PROC/WEB)#
#2026 06 14 18:49:42.435#Z#DEBUG#87cc2b18-6821-11f1-aca3-eeee0a82a9ce.employee-app-srv#flowable-async-job-executor-thread-1304#
[PollStartAppStatusExecution] d82c773d-11e1-4a8b-885d-ff9df84e4d28 [2026-06-14T18:49:42.047825] Container became healthy (STDOUT, CELL)#
#2026 06 14 18:49:42.435#Z#DEBUG#87cc2b18-6821-11f1-aca3-eeee0a82a9ce.employee-app-srv#flowable-async-job-executor-thread-1304#
[PollStartAppStatusExecution] d82c773d-11e1-4a8b-885d-ff9df84e4d28 [2026-06-14T18:49:42.048302] Container passed the readiness health check. Container marked ready and added to route pool. (STDOUT, HEALTH)#
#2026 06 14 18:49:42.435#Z#DEBUG#87cc2b18-6821-11f1-aca3-eeee0a82a9ce.employee-app-srv#flowable-async-job-executor-thread-1304#
[PollStartAppStatusExecution] d82c773d-11e1-4a8b-885d-ff9df84e4d28 [2026-06-14T18:49:42.074826] Process became ready with guid d82c773d-11e1-4a8b-885d-ff9df84e4d28 payload: {"instance"=>"c753e7ab-b246-4cb7-7f08-7948", "index"=>0, "cell_id"=>"c839c7b1-088e-41af-b9b7-66256aacd457", "ready"=>true, "version"=>"567c4c74-b4f6-4964-9714-79b787ef9cec"} (STDOUT, API)#
